/home/lxy/code/compete/ccf_edupre/test/../txt2poi/basic.py:29: UserWarning: [W007] The model you're using has no word vectors loaded, so the result of the Doc.similarity method will be based on the tagger, parser and NER, which may not give useful similarity judgements. This may happen if you're using one of the small models, e.g. `en_core_web_sm`, which don't ship with word vectors and only use context-sensitive tensors. You can always add your own word vectors, or use one of the larger models instead if available.
  return  doc1.similarity(doc2)
step1:天地图逆地址编码校验数据集坐标是否准确，原数据集1199个
地址1：杭州市余杭区英特外国语学校；地址2杭州英特外国语学校；相似度：1.0
地址1：浙江省杭州第七中学；地址2浙江省杭州第七中学；相似度：1.0
地址1：宁波市海曙区古林镇薛家小学；地址2古林镇薛家小学；相似度：1.0
地址1：宁波市海曙区石碶街道实验小学；地址2海曙区石碶街道实验小学；相似度：1.0
地址1：杭州市余杭区径山镇双溪幼儿园；地址2径山镇双溪幼儿园；相似度：1.0
地址1：义乌市金城高尔夫幼儿园；地址2金城高尔夫幼儿园；相似度：1.0
地址1：杭州市余杭区育海外国语学校；地址2杭州育海外国语学校；相似度：1.0
地址1：义乌市后宅街道鹤田幼儿园；地址2后宅街道鹤田幼儿园；相似度：1.0
地址1：义乌公学；地址2义乌公学；相似度：1.0
地址1：杭州市余杭区北湖绿洲幼儿园；地址2北湖绿洲幼儿园；相似度：1.0
地址1：杭州市余杭区蒲公英学校；地址2杭州蒲公英学校；相似度：1.0
地址1：宁波市海曙区镇明中心小学；地址2宁波市镇明中心小学；相似度：1.0
地址1：浙江新世纪经贸专修学院；地址2浙江新世纪经贸专修学院；相似度：1.0
地址1：杭州市余杭区未来科技城海云幼儿园；地址2余杭区未来科技城海曙幼儿园；相似度：0.96640284184471
地址1：杭州市余杭区未来科技城海曙小学；地址2余杭区未来科技城海曙小学；相似度：1.0
地址1：杭州市余杭区凤凰幼儿园；地址2余杭区凤凰幼儿园；相似度：1.0
地址1：宁波市海曙区古林镇中心小学；地址2古林镇中心小学；相似度：1.0
地址1：浙江师范大学附属义乌实验学校；地址2浙江师范大学附属义乌实验学校；相似度：1.0
地址1：宁波市海曙区古林镇蜃蛟小学；地址2海曙区古林镇蜃蛟小学；相似度：1.0
地址1：宁波市红旗幼儿园；地址2宁波红旗幼儿园；相似度：1.0
地址1：义乌市香山小学教育集团；地址2义乌市香山小学教育集团杨村校区；相似度：0.9588815253787396
地址1：杭州市学军小学；地址2杭州市学军小学；相似度：1.0
地址1：浙江省交通运输厅幼儿园；地址2浙江省交通运输厅幼儿园；相似度：1.0
地址1：宁波市海曙区德英乐幼儿园；地址2宁波市海曙区德英乐幼儿园；相似度：1.0
地址1：宁波市市级机关第二幼儿园；地址2宁波市市级机关第二幼儿园；相似度：1.0
地址1：宁波市闻裕顺幼儿园；地址2闻裕顺幼儿园；相似度：1.0
地址1：宁波市海曙区高桥镇博泽学校；地址2高桥镇博泽学校；相似度：1.0
地址1：宁波市鄞江中学；地址2鄞江中学；相似度：1.0
地址1：宁波市外经贸幼儿园；地址2宁波市外经贸幼儿园；相似度：1.0
地址1：宁波市海曙区国骅东方幼儿园；地址2国骅东方幼儿园；相似度：1.0
地址1：浙江省杭州学军中学；地址2杭州学军中学；相似度：1.0
地址1：杭州市余杭区贝贝幼儿园；地址2余杭区贝贝幼儿园；相似度：1.0
地址1：杭州市余杭区径山镇双溪中心小学；地址2径山镇双溪中心小学；相似度：1.0
地址1：德清县禹越镇徐家庄中心小学；地址2禹越镇徐家庄中心小学；相似度：1.0
地址1：杭州绿城育华小学；地址2杭州绿城育华小学；相似度：1.0
地址1：义乌市宗泽小学；地址2义乌市宗泽小学；相似度：1.0
地址1：杭州万向职业技术学院；地址2杭州万向职业技术学院；相似度：1.0
地址1：宁波市宝韵音乐幼儿园；地址2宝韵音乐幼儿园；相似度：1.0
地址1：杭州市余杭区微时代幼儿园；地址2微时代幼儿园；相似度：1.0
地址1：杭州市余杭区林苑学校；地址2杭州市余杭区林苑学校；相似度：1.0
地址1：宁波市海曙区高桥镇联升佳苑幼儿园；地址2高桥镇联升佳苑幼儿园；相似度：1.0
地址1：义乌市湖门小学；地址2义乌市湖门小学；相似度：1.0
地址1：杭州市乔司职业高级中学；地址2杭州市乔司职业高级中学；相似度：1.0
地址1：宁波市范桂馥小学；地址2宁波市范桂馥小学；相似度：1.0
地址1：德清县钟管镇中心学校；地址2德清县钟管镇中心学校；相似度：1.0
地址1：义乌市前店小学；地址2义乌市前店小学；相似度：1.0
地址1：杭州市余杭区美好晨晖幼儿园；地址2美好晨晖幼儿园；相似度：1.0
地址1：杭州市余杭区实验小学；地址2余杭区实验小学；相似度：1.0
地址1：宁波市新芝小学；地址2宁波市新芝小学；相似度：1.0
地址1：杭州西子实验学校；地址2杭州西子实验学校；相似度：1.0
地址1：宁波市海曙区莲桥第幼儿园；地址2莲桥第幼儿园；相似度：1.0
地址1：义乌市第三中学；地址2义乌市第三中学；相似度：1.0
地址1：杭州市余杭区五常中学；地址2五常中学；相似度：1.0
地址1：义乌市东洲第二幼儿园；地址2东洲第二幼儿园；相似度：1.0
地址1：杭州市塘栖中学；地址2塘栖中学；相似度：1.0
地址1：浙江工商职业技术学院；地址2浙江工商职业技术学院西门；相似度：0.9601447084829597
地址1：杭州市公益中学；地址2杭州市公益中学；相似度：1.0
地址1：义乌市树人中学；地址2树人中学；相似度：1.0
地址1：德清县武康中学；地址2武康中学；相似度：1.0
地址1：义乌复旦实验学校；地址2义乌复旦实验学校；相似度：1.0
地址1：宁波市海曙区古林镇春蕾学校；地址2海曙区古林镇春蕾学校；相似度：1.0
地址1：杭州市余杭区乔司中心小学；地址2杭州市余杭区乔司中心小学；相似度：1.0
地址1：义乌市下骆宅小学；地址2下骆宅小学；相似度：1.0
地址1：杭州市余杭区东湖世纪星幼儿园；地址2余杭区东湖世纪星幼儿园；相似度：1.0
地址1：杭州市余杭区仁和第二幼儿园；地址2仁和第二幼儿园；相似度：1.0
地址1：义乌市实验小学教育集团；地址2义乌市实验小学教育集团黎明湖校区；相似度：0.9575759858251772
地址1：杭州市西湖区小桔灯幼儿园；地址2小桔灯幼儿园；相似度：1.0
地址1：义乌市苏溪镇第一小学；地址2义乌市苏溪镇第一小学；相似度：1.0
地址1：杭州市余杭区小海豚幼儿园；地址2小海豚幼儿园；相似度：1.0
地址1：德清县求是高级中学；地址2德清县求是高级中学；相似度：1.0
地址1：杭州市余杭区临平第三小学；地址2杭州市余杭区临平第三小学；相似度：1.0
地址1：杭州市西湖区智多星幼儿园；地址2杭州市西湖区智多星幼儿园；相似度：1.0
地址1：宁波市海曙区章水镇中心小学；地址2章水镇中心小学；相似度：1.0
地址1：杭州市余杭区径山镇长乐中心小学；地址2径山镇长乐中心小学；相似度：1.0
地址1：杭州市西湖区大大树幼儿园；地址2杭州市西湖区大大树幼儿园；相似度：1.0
地址1：义乌市群星外国语学校；地址2义乌市群星外国语学校；相似度：1.0
地址1：杭州市余杭区天长世纪小学；地址2天长世纪小学；相似度：1.0
地址1：杭州市西湖区翠苑第一幼儿园；地址2翠苑第一幼儿园；相似度：1.0
地址1：宁波市海曙区樟村中学；地址2宁波市海曙区樟村中学；相似度：1.0
地址1：杭州市西湖区周浦幼儿园；地址2周浦幼儿园；相似度：1.0
地址1：义乌市荷叶塘初级中学；地址2义乌市荷叶塘初级中学；相似度：1.0
地址1：杭州市余杭区中泰中心幼儿园；地址2余杭区中泰中心幼儿园；相似度：1.0
地址1：杭州市余杭区树兰幼儿园；地址2树兰幼儿园；相似度：1.0
/home/lxy/code/compete/ccf_edupre/test/../txt2poi/basic.py:29: UserWarning: [W007] The model you're using has no word vectors loaded, so the result of the Doc.similarity method will be based on the tagger, parser and NER, which may not give useful similarity judgements. This may happen if you're using one of the small models, e.g. `en_core_web_sm`, which don't ship with word vectors and only use context-sensitive tensors. You can always add your own word vectors, or use one of the larger models instead if available.
  return  doc1.similarity(doc2)
/home/lxy/code/compete/ccf_edupre/test/../txt2poi/basic.py:29: UserWarning: [W007] The model you're using has no word vectors loaded, so the result of the Doc.similarity method will be based on the tagger, parser and NER, which may not give useful similarity judgements. This may happen if you're using one of the small models, e.g. `en_core_web_sm`, which don't ship with word vectors and only use context-sensitive tensors. You can always add your own word vectors, or use one of the larger models instead if available.
  return  doc1.similarity(doc2)
/home/lxy/code/compete/ccf_edupre/test/../txt2poi/basic.py:29: UserWarning: [W007] The model you're using has no word vectors loaded, so the result of the Doc.similarity method will be based on the tagger, parser and NER, which may not give useful similarity judgements. This may happen if you're using one of the small models, e.g. `en_core_web_sm`, which don't ship with word vectors and only use context-sensitive tensors. You can always add your own word vectors, or use one of the larger models instead if available.
  return  doc1.similarity(doc2)
/home/lxy/code/compete/ccf_edupre/test/../txt2poi/basic.py:29: UserWarning: [W007] The model you're using has no word vectors loaded, so the result of the Doc.similarity method will be based on the tagger, parser and NER, which may not give useful similarity judgements. This may happen if you're using one of the small models, e.g. `en_core_web_sm`, which don't ship with word vectors and only use context-sensitive tensors. You can always add your own word vectors, or use one of the larger models instead if available.
  return  doc1.similarity(doc2)
地址1：杭州市余杭区东湖水漾幼儿园；地址2余杭区东湖水漾幼儿园；相似度：1.0
地址1：义乌市廿三里第一小学；地址2廿三里第一小学；相似度：1.0
地址1：杭州市长阳中学；地址2长阳中学；相似度：1.0
地址1：义乌工商职业技术学院；地址2义乌工商职业技术学院；相似度：1.0
地址1：浙江师范大学杭州幼儿师范学院附属幼儿园；地址2浙江师范大学杭州幼儿师范学院附属义乌幼儿园；相似度：1.0
地址1：宁波国际文武学校；地址2宁波国际文武学校；相似度：1.0
地址1：杭州市西湖区翠苑第四幼儿园；地址2杭州市西湖区翠苑第四幼儿园；相似度：1.0
地址1：德清县二都小学；地址2二都小学；相似度：1.0
地址1：德清县远望幼儿园；地址2远望幼儿园；相似度：1.0
地址1：浙江体育职业技术学院；地址2浙江体育职业技术学院-餐厅；相似度：0.9509188727298129
地址1：德清县筏头幼儿园；地址2德清县筏头幼儿园；相似度：1.0
地址1：宁波市海曙区雅戈尔中学；地址2雅戈尔中学；相似度：1.0
地址1：德清县千秋幼儿园；地址2德清县千秋幼儿园；相似度：1.0
地址1：宁波市海曙区雅戈尔小学；地址2雅戈尔小学；相似度：1.0
地址1：德清县春晖小学；地址2德清县春晖小学；相似度：1.0
地址1：宁波市海曙区古林镇布政幼儿园；地址2古林镇布政幼儿园；相似度：1.0
地址1：杭州市余杭区临平第一小学；地址2余杭区临平第一小学；相似度：1.0
地址1：宁波市同济中学；地址2同济中学；相似度：1.0
step1:天地图逆地址编码校验完成，正确坐标597个，错误坐标101个，未匹配坐标501个
step2:获取天地图POI信息校验数据集坐标是否准确，待校验数据501个
地址1：宁波市海曙区石碶街道冯家小学；地址2:石碶街道冯家小学；相似度：1.0
地址1：宁波市东恩中学；地址2:东恩中学；相似度：1.0
地址1：宁波市海曙区鄞江镇中心小学；地址2:鄞江镇中心小学；相似度：1.0
地址1：宁波市海曙区高桥镇中心小学；地址2:海曙区高桥镇中心小学；相似度：1.0
地址1：杭州市余杭区杭运幼儿园；地址2:余杭区杭运幼儿园；相似度：1.0
地址1：义乌市城西街道中心幼儿园；地址2:义乌市城西街道中心幼儿园；相似度：1.0
地址1：杭州市余杭区良渚第一小学；地址2:良渚第一小学；相似度：1.0
地址1：杭州青年专修学院；地址2:杭州青年专修学院；相似度：1.0
地址1：义乌市金鹰实验学校；地址2:金鹰实验学校；相似度：1.0
地址1：西湖大学；地址2:西湖大学；相似度：1.0
地址1：浙江科技学院；地址2:浙江科技学院；相似度：1.0
地址1：杭州市余杭区绿城育华蓝庭幼儿园；地址2:绿城育华蓝庭幼儿园；相似度：1.0
地址1：德清县乾元镇第二幼儿园；地址2:乾元镇第二幼儿园；相似度：1.0
地址1：杭州市余杭区大观山幼儿园；地址2:大观山幼儿园；相似度：1.0
地址1：义乌市光煜艺术幼儿园；地址2:义乌市光煜艺术幼儿园；相似度：1.0
地址1：杭州市钱塘外语学校；地址2:杭州市钱塘外语学校；相似度：1.0
地址1：德清县中心幼儿园；地址2:德清县中心幼儿园；相似度：1.0
地址1：杭州市余杭区良渚第一中学；地址2:余杭区良渚第一中学；相似度：1.0
地址1：浙江交通职业技术学院；地址2:浙江交通职业技术学院；相似度：1.0
地址1：德清县秋山中心学校；地址2:德清县秋山中心学校；相似度：1.0
地址1：杭州市余杭区黄湖镇中心小学；地址2:余杭区黄湖镇中心小学；相似度：1.0
地址1：宁波市第二幼儿园；地址2:宁波市第二幼儿园；相似度：1.0
地址1：杭州市良渚职业高级中学；地址2:杭州市良渚职业高级中学；相似度：1.0
地址1：杭州市瓶窑中学；地址2:杭州市瓶窑中学；相似度：1.0
地址1：杭州市西湖区回龙幼儿园；地址2:回龙幼儿园；相似度：1.0
地址1：浙江外国语学院；地址2:浙江外国语学院；相似度：1.0
地址1：杭州市余杭区崇贤第一小学；地址2:杭州市余杭区崇贤第一小学；相似度：1.0
地址1：浙江音乐学院；地址2:浙江音乐学院；相似度：1.0
地址1：浙江长征职业技术学院；地址2:浙江长征职业技术学院；相似度：1.0
地址1：杭州市余杭区育才实验小学；地址2:杭州市余杭区育才实验小学；相似度：1.0
地址1：杭州市余杭区太炎中学；地址2:余杭区太炎中学；相似度：1.0
step2:获取天地图POI信息校验完成，正确坐标105个，错误坐标31个，未匹配坐标470个
step3:高德逆地址编码校验数据集坐标是否准确，待校验数据集470个
地址1：义乌市江东街道叮叮幼儿园；地址2:      format_address2
0  浙江省金华市义乌市江东街道叮叮幼儿园；相似度：1.0
地址1：义乌市江东街道宗塘幼儿园；地址2:      format_address2
0  浙江省金华市义乌市江东街道宗塘幼儿园；相似度：1.0
地址1：义乌市江东街道七彩山口幼儿园；地址2:            format_address2
0  浙江省金华市义乌市江东街道七彩山口幼儿园山口小区；相似度：0.9566814984142437
地址1：德清县新安镇下舍中心幼儿园；地址2:       format_address2
0  浙江省湖州市德清县新安镇下舍中心幼儿园；相似度：1.0
step3:高德逆地址编码校验完成，正确坐标230个，错误坐标4个，未匹配坐标236个
step4:获取高德POI信息校验数据集坐标是否准确，待校验数据236个
地址1：杭州市余杭区英才新明半岛幼儿园；地址2:英才新明半岛幼儿园；相似度：1.0
地址1：杭州市余杭区肯思幼儿园；地址2:杭州市余杭区肯思幼儿园；相似度：1.0
地址1：义乌宋庆龄幼儿园；地址2:宋庆龄幼儿园；相似度：1.0
地址1：杭州市余杭区闲林和睦小学；地址2:闲林和睦小学；相似度：1.0
地址1：义乌市北苑小学；地址2:义乌市北苑小学；相似度：1.0
地址1：义乌市佛堂镇实验幼儿园；地址2:义乌市佛堂镇实验幼儿园；相似度：1.0
地址1：宁波市海曙区丽象幼儿园；地址2:宁波市海曙区丽象幼儿园；相似度：1.0
地址1：宁波市李兴贵中学；地址2:李兴贵中学；相似度：1.0
地址1：杭州市余杭区黄湖镇中心幼儿园；地址2:黄湖镇中心幼儿园；相似度：1.0
地址1：德清县新市镇初级中学；地址2:新市镇初级中学；相似度：1.0
地址1：义乌市第五中学；地址2:义乌市第五中学；相似度：1.0
地址1：义乌市后宅中学；地址2:义乌市后宅中学；相似度：1.0
地址1：杭州市西湖高级中学；地址2:杭州市西湖高级中学；相似度：1.0
地址1：杭州市余杭区安溪幼儿园；地址2:安溪幼儿园；相似度：1.0
地址1：宁波市效实中学；地址2:宁波效实中学；相似度：1.0
地址1：义乌市江东街道九联幼儿园；地址2:义乌市江东街道九联幼儿园；相似度：1.0
地址1：杭州市余杭区温莎郡英伦幼儿园；地址2:温莎郡英伦幼儿园；相似度：1.0
地址1：义乌市苏溪油碑塘幼儿园；地址2:义乌市苏溪油碑塘幼儿园；相似度：1.0
地址1：浙江省义乌中学；地址2:浙江省义乌中学；相似度：1.0
地址1：杭州市西溪实验学校；地址2:杭州市西溪实验学校；相似度：1.0
地址1：杭州市三墩小学；地址2:杭州市三墩小学；相似度：1.0
地址1：杭州市余杭区新理想高级中学；地址2:杭州市余杭区新理想高级中学；相似度：1.0
地址1：宁波市海曙区古林镇中心幼儿园；地址2:宁波市海曙区古林镇中心幼儿园；相似度：1.0
地址1：宁波市甬江职业高级中学；地址2:宁波市甬江职业高级中学；相似度：1.0
地址1：义乌市青口小学；地址2:义乌市青口小学；相似度：1.0
地址1：德清县雷甸镇第一幼儿园；地址2:德清县雷甸镇第一幼儿园；相似度：1.0
地址1：宁波市实验学校；地址2:宁波市实验学校；相似度：1.0
地址1：义乌市望道中学；地址2:望道中学；相似度：1.0
地址1：德清县圆圆幼儿园；地址2:德清县圆圆幼儿园；相似度：1.0
地址1：德清县新市镇康乐幼儿园；地址2:新市镇康乐幼儿园；相似度：1.0
地址1：杭州市余杭中学；地址2:余杭中学；相似度：1.0
地址1：杭州市余杭区孝慈水木清华幼儿园；地址2:孝慈水木清华幼儿园；相似度：1.0
地址1：杭州市余杭区良渚第二中学；地址2:余杭区良渚第二中学；相似度：1.0
地址1：义乌市义亭镇童星幼儿园；地址2:义亭镇童星幼儿园；相似度：1.0
地址1：杭州市余杭区良渚第二小学；地址2:良渚第二小学；相似度：1.0
地址1：德清县三桥幼儿园；地址2:德清县三桥幼儿园；相似度：1.0
地址1：宁波市海曙区洞桥镇中心初级中学；地址2:洞桥镇中心初级中学；相似度：1.0
step4:获取高德POI信息校验完成，正确坐标30个，错误坐标37个，未匹配坐标199个
验证结束，正确坐标962个，错误坐标173个，未匹配坐标199个
